// Vitest Snapshot v1, https://vitest.dev/guide/snapshot.html

exports[`SDK Type Exports Snapshot > should match the documented API surface 1`] = `
{
  "AutomaticStaticMapOptions": "any",
  "BBox": "any",
  "BaseGeocodingOptions": "any",
  "BoundedStaticMapOptions": "any",
  "BufferToPixelDataFunction": "any",
  "ByIdGeocodingOptions": "any",
  "CenteredStaticMapOptions": "any",
  "ClientConfig": "typeof ClientConfig",
  "CommonForwardAndReverseGeocodingOptions": "any",
  "CoordinateExport": "any",
  "CoordinateGrid": "any",
  "CoordinateId": "any",
  "CoordinateSearch": "any",
  "CoordinateSearchResult": "any",
  "CoordinateTransformResult": "any",
  "CoordinateTransformation": "any",
  "Coordinates": "any",
  "CoordinatesSearchOptions": "any",
  "CoordinatesTransformOptions": "any",
  "DefaultTransformation": "any",
  "ElevationAtOptions": "any",
  "ElevationBatchOptions": "any",
  "FeatureHierarchy": "any",
  "FetchFunction": "any",
  "GeocodingFeature": "any",
  "GeocodingOptions": "any",
  "GeocodingPlaceType": "any",
  "GeocodingSearchResult": "any",
  "GeolocationInfoOptions": "any",
  "GeolocationResult": "any",
  "GetDataOptions": "any",
  "ISOLanguage": "{ readonly ALBANIAN: LanguageInfo; readonly AMHARIC: LanguageInfo; readonly ARABIC: LanguageInfo; readonly ARMENIAN: LanguageInfo; ... 72 more ...; readonly WELSH: LanguageInfo; }",
  "Language": "{ readonly ALBANIAN: LanguageInfo; readonly AMHARIC: LanguageInfo; readonly ARABIC: LanguageInfo; readonly ARMENIAN: LanguageInfo; ... 76 more ...; readonly LOCAL: LanguageInfo; }",
  "LanguageGeocodingOptions": "any",
  "LanguageInfo": "any",
  "LineString": "any",
  "MapStyle": {
    "AQUARELLE": [
      "DARK",
      "DEFAULT",
      "VIVID",
    ],
    "AQUARELLE_V2": [
      "DARK",
      "DEFAULT",
      "VIVID",
    ],
    "AQUARELLE_V4": [
      "DARK",
      "DEFAULT",
      "VIVID",
    ],
    "BACKDROP": [
      "DARK",
      "DEFAULT",
      "LIGHT",
    ],
    "BACKDROP_V2": [
      "DARK",
      "DEFAULT",
      "LIGHT",
    ],
    "BACKDROP_V4": [
      "DARK",
      "DEFAULT",
      "LIGHT",
    ],
    "BASE": [
      "AI",
      "DARK",
      "DEFAULT",
      "LIGHT",
    ],
    "BASE_V4": [
      "AI",
      "DARK",
      "DEFAULT",
      "LIGHT",
    ],
    "BASIC": [
      "DARK",
      "DEFAULT",
      "LIGHT",
    ],
    "BASIC_V2": [
      "DARK",
      "DEFAULT",
      "LIGHT",
    ],
    "BRIGHT": [
      "DARK",
      "DEFAULT",
      "LIGHT",
      "PASTEL",
    ],
    "DATAVIZ": [
      "DARK",
      "DEFAULT",
      "LIGHT",
    ],
    "DATAVIZ_V2": [
      "DARK",
      "DEFAULT",
      "LIGHT",
    ],
    "DATAVIZ_V4": [
      "DARK",
      "DEFAULT",
      "LIGHT",
    ],
    "HYBRID": [
      "DARK",
      "DEFAULT",
    ],
    "HYBRID_V2": [
      "DEFAULT",
    ],
    "HYBRID_V4": [
      "DARK",
      "DEFAULT",
    ],
    "LANDSCAPE": [
      "DARK",
      "DEFAULT",
      "VIVID",
    ],
    "LANDSCAPE_V2": [
      "DARK",
      "DEFAULT",
      "VIVID",
    ],
    "LANDSCAPE_V4": [
      "DARK",
      "DEFAULT",
      "VIVID",
    ],
    "OCEAN": [
      "DARK",
      "DEFAULT",
    ],
    "OCEAN_V2": [
      "DEFAULT",
    ],
    "OCEAN_V4": [
      "DARK",
      "DEFAULT",
    ],
    "OPENSTREETMAP": [
      "DARK",
      "DEFAULT",
    ],
    "OPENSTREETMAP_V2": [
      "DARK",
      "DEFAULT",
    ],
    "OUTDOOR": [
      "DARK",
      "DEFAULT",
    ],
    "OUTDOOR_V2": [
      "DARK",
      "DEFAULT",
    ],
    "OUTDOOR_V4": [
      "DARK",
      "DEFAULT",
    ],
    "SATELLITE": [
      "DARK",
      "DEFAULT",
    ],
    "SATELLITE_V2": [
      "DEFAULT",
    ],
    "SATELLITE_V4": [
      "DARK",
      "DEFAULT",
    ],
    "STREETS": [
      "DARK",
      "DEFAULT",
      "PASTEL",
    ],
    "STREETS_V2": [
      "DARK",
      "DEFAULT",
      "LIGHT",
      "NIGHT",
      "PASTEL",
    ],
    "STREETS_V4": [
      "DARK",
      "DEFAULT",
      "PASTEL",
    ],
    "TONER": [
      "BACKGROUND",
      "DEFAULT",
      "LINES",
      "LITE",
    ],
    "TONER_V2": [
      "BACKGROUND",
      "DEFAULT",
      "LINES",
      "LITE",
    ],
    "TOPO": [
      "DARK",
      "DEFAULT",
      "PASTEL",
      "TOPOGRAPHIQUE",
    ],
    "TOPO_V2": [
      "DARK",
      "DEFAULT",
      "PASTEL",
      "SHINY",
      "TOPOGRAPHIQUE",
    ],
    "TOPO_V4": [
      "DARK",
      "DEFAULT",
      "PASTEL",
      "TOPOGRAPHIQUE",
    ],
    "VOYAGER": [
      "DARK",
      "DEFAULT",
      "LIGHT",
      "VINTAGE",
    ],
    "VOYAGER_V2": [
      "DARK",
      "DEFAULT",
      "LIGHT",
      "VINTAGE",
    ],
    "WINTER": [
      "DARK",
      "DEFAULT",
    ],
    "WINTER_V2": [
      "DARK",
      "DEFAULT",
    ],
    "WINTER_V4": [
      "DARK",
      "DEFAULT",
    ],
  },
  "MapStylePreset": "any",
  "MapStyleType": "any",
  "MapStyleVariant": "typeof MapStyleVariant",
  "MultiLineString": "any",
  "NonISOLanguage": "{ readonly AUTO: LanguageInfo; readonly LATIN: LanguageInfo; readonly NON_LATIN: LanguageInfo; readonly LOCAL: LanguageInfo; }",
  "PixelData": "any",
  "Position": "any",
  "ReferenceMapStyle": "typeof ReferenceMapStyle",
  "ReverseGeocodingOptions": "any",
  "RoutingAvoidances": "any",
  "RoutingBicycleOptions": "any",
  "RoutingCarOptions": "any",
  "RoutingDistanceUnit": "any",
  "RoutingInstructionsLanguage": "any",
  "RoutingLocation": "any",
  "RoutingPedestrianOptions": "any",
  "RoutingProfile": "any",
  "RoutingProfileOptions": "any",
  "RoutingRequest": "any",
  "RoutingResponse": "any",
  "RoutingRoute": "any",
  "RoutingRouteLeg": "any",
  "RoutingRouteManeuver": "any",
  "RoutingRouteStep": "any",
  "RoutingSummary": "any",
  "RoutingTruckOptions": "any",
  "ServiceError": "typeof ServiceError",
  "StaticMapBaseOptions": "any",
  "StaticMapMarker": "any",
  "TileJSON": "any",
  "XYZ": "any",
  "areSameLanguages": "(langA: string | LanguageInfo, langB: string | LanguageInfo, languageDictionary?: { [k: string]: LanguageInfo; }) => boolean",
  "bufferToPixelDataBrowser": "(buff: ArrayBuffer) => Promise<PixelData>",
  "canParsePixelData": "() => boolean",
  "circumferenceAtLatitude": "(latitude: number) => number",
  "config": "ClientConfig",
  "coordinates": "{ search: (query: string, options?: CoordinatesSearchOptions) => Promise<CoordinateSearchResult>; transform: (positions: Position | Position[], options?: CoordinatesTransformOptions) => Promise<...>; }",
  "data": "{ get: (dataId: string, options?: GetDataOptions) => Promise<FeatureCollection<Geometry, { [name: string]: any; }>>; }",
  "defaultReferenceStyleMap": "{ readonly STREETS: \\"STREETS_V4\\"; readonly BASIC: \\"BASIC_V2\\"; readonly BASE: \\"BASE_V4\\"; readonly LANDSCAPE: \\"LANDSCAPE_V4\\"; readonly AQUARELLE: \\"AQUARELLE_V4\\"; readonly SATELLITE: \\"SATELLITE_V4\\"; ... 9 more ...; readonly VOYAGER: \\"VOYAGER_V2\\"; }",
  "elevation": "{ at: (position: Position, options?: ElevationAtOptions) => Promise<Position>; batch: (positions: Position[], options?: ElevationBatchOptions) => Promise<...>; fromLineString: (ls: LineString, options?: ElevationBatchOptions) => Promise<...>; fromMultiLineString: (ls: MultiLineString, options?: ElevationBatchOptions...",
  "expandMapStyle": "(style: any) => string",
  "geocoding": "{ forward: (query: string, options?: GeocodingOptions) => Promise<GeocodingSearchResult>; reverse: (position: Position, options?: CommonForwardAndReverseGeocodingOptions) => Promise<...>; byId: (id: string, options?: BaseGeocodingOptions) => Promise<...>; batch: (queries: string[], options?: GeocodingOptions) => Pro...",
  "geolocation": "{ info: (options?: GeolocationInfoOptions) => Promise<GeolocationResult>; }",
  "getAutoLanguage": "() => LanguageInfo",
  "getBufferToPixelDataParser": "() => BufferToPixelDataFunction",
  "getLanguageInfoFromCode": "(languageCode: string, languageDictionary?: { [k: string]: LanguageInfo; }) => LanguageInfo",
  "getLanguageInfoFromFlag": "(languageFlag: string, languageDictionary?: { [k: string]: LanguageInfo; }) => LanguageInfo",
  "getLanguageInfoFromKey": "(languageKey: string, languageDictionary?: { [k: string]: LanguageInfo; }) => LanguageInfo",
  "getTileCache": "() => QuickLRU<string, PixelData>",
  "isLanguageInfo": "(obj: unknown) => obj is LanguageInfo",
  "mapStylePresetList": "MapStylePreset[]",
  "math": "{ EARTH_RADIUS: number; EARTH_CIRCUMFERENCE: number; longitudeToMercatorX: (lng: number) => number; latitudeToMercatorY: (lat: number) => number; wgs84ToMercator: (position: Position) => Position; ... 11 more ...; haversineCumulatedDistanceWgs84: (positions: Position[]) => number[]; }",
  "misc": "{ extractLineStrings: (geoJson: GeoJsonObject) => (LineString | MultiLineString)[]; simplify: (points: Position[], tolerance: number) => Position[]; }",
  "routing": "{ directionsPost: (body: RoutingRequest) => Promise<RoutingResponse>; directionsGet: (req: RoutingRequest) => Promise<RoutingResponse>; }",
  "staticMaps": "{ centered: (center: Position, zoom: number, options?: StaticMapBaseOptions) => string; bounded: (boundingBox: BBox, options?: BoundedStaticMapOptions) => string; automatic: (options?: BoundedStaticMapOptions) => string; }",
  "styleToStyle": "(style: string | ReferenceMapStyle | MapStyleVariant) => string",
  "toLanguageInfo": "(lang: string | LanguageInfo, languageDictionary?: { [k: string]: LanguageInfo; }) => LanguageInfo",
}
`;
